// Jest Snapshot v1, https://goo.gl/fbAQLP

exports[`App should match snapshot 1`] = `
<div
  className="img-container"
>
  <img
    alt="category"
  />
  <p />
  <div>
    <button
      type="button"
    >
      view details
    </button>
    <input
      max="99"
      min="1"
      name="quantity"
      onChange={[Function]}
      type="number"
      value={1}
    />
    <button
      onClick={[Function]}
      type="button"
    >
      Place Order
    </button>
  </div>
</div>
`;
