// Jest Snapshot v1, https://goo.gl/fbAQLP

exports[`App should match snapshot 1`] = `
<Form
  as="form"
  onSubmit={[Function]}
>
  <FormField>
    <input
      id="email"
      name="email"
      onChange={[Function]}
      placeholder="Email"
      value=""
    />
  </FormField>
  <FormField>
    <input
      name="password"
      onChange={[Function]}
      placeholder="Password"
      type="password"
    />
  </FormField>
  <Button
    as="button"
    onClick={[Function]}
    type="submit"
  >
    Submit
  </Button>
</Form>
`;
