// Jest Snapshot v1, https://goo.gl/fbAQLP

exports[`App should match snapshot 1`] = `
<div
  className="top-order"
>
  <div
    className="container"
  >
    <h1>
      top order
    </h1>
    <p>
      Customer's Top Most Choice
    </p>
    <div
      className="order-row"
    >
      <TopOrderCard
        description="Very testy and delicious with nice blend of fried plantain"
        img="https://res.cloudinary.com/dx0nauane/image/upload/v1552050529/image-4.jpg"
        key="1"
        pathId=""
        title="meat"
      />
      <TopOrderCard
        description="Very testy and delicious with nice blend of fried plantain"
        img="https://res.cloudinary.com/dx0nauane/image/upload/v1552050505/image-12.jpg"
        key="2"
        pathId=""
        title="plantain sauce"
      />
      <TopOrderCard
        description="Very testy and delicious with nice blend of fried plantain"
        img="https://res.cloudinary.com/dx0nauane/image/upload/v1544280158/x5cu9owt6sx4vxhdoz23.jpg"
        key="3"
        pathId=""
        title="meat"
      />
    </div>
  </div>
</div>
`;
